[allthebestsofts.com/doris_elementor/index.html]
[backblue.gif]
[fade.gif]
[index.html]
[allthebestsofts.com/doris_elementor/wp-includes/css/dist/block-library/style.minc4ec.css]
[allthebestsofts.com/doris_elementor/feed/index.html]
[allthebestsofts.com/doris_elementor/comments/feed/index.html]
[allthebestsofts.com/doris_elementor/wp-content/plugins/template-kit-export/public/assets/css/template-kit-export-public.mincb18.css]
[allthebestsofts.com/doris_elementor/wp-content/themes/hello-elementor/style.min3601.css]
[allthebestsofts.com/doris_elementor/wp-content/themes/hello-elementor/theme.min3601.css]
[allthebestsofts.com/doris_elementor/wp-content/plugins/elementor/assets/lib/eicons/css/elementor-icons.min4c7e.css]
[allthebestsofts.com/doris_elementor/wp-content/plugins/elementor/assets/lib/animations/animations.minc867.css]
[allthebestsofts.com/doris_elementor/wp-content/plugins/elementor/assets/css/frontend.minc867.css]
[allthebestsofts.com/doris_elementor/wp-content/plugins/elementor-pro/assets/css/frontend.minab7d.css]
[allthebestsofts.com/doris_elementor/wp-content/uploads/elementor/css/post-265570fb.css]
[allthebestsofts.com/doris_elementor/wp-content/uploads/elementor/css/post-2356b78f.css]
[allthebestsofts.com/doris_elementor/wp-content/uploads/elementor/css/post-2385151d.css]
[allthebestsofts.com/doris_elementor/wp-content/uploads/elementor/css/post-23367b1b.css]
[allthebestsofts.com/doris_elementor/wp-content/plugins/elementor/assets/lib/font-awesome/css/fontawesome.minb683.css]
[allthebestsofts.com/doris_elementor/wp-content/plugins/elementor/assets/lib/font-awesome/css/brands.minb683.css]
[allthebestsofts.com/doris_elementor/wp-content/plugins/elementor/assets/lib/font-awesome/css/solid.minb683.css]
[allthebestsofts.com/doris_elementor/wp-includes/js/jquery/jquery-migrate.min330a.js]
[allthebestsofts.com/doris_elementor/wp-includes/js/jquery/jquery4a5f.js]
[allthebestsofts.com/doris_elementor/wp-content/plugins/template-kit-export/public/assets/js/template-kit-export-public.mincb18.js]
[allthebestsofts.com/doris_elementor/xmlrpc0db0.php]
[allthebestsofts.com/doris_elementor/wp-includes/wlwmanifest.xml]
[allthebestsofts.com/doris_elementor/wp-json/index.html]
[allthebestsofts.com/doris_elementor/wp-json/oembed/1.0/embedb2c0.json]
[allthebestsofts.com/doris_elementor/wp-json/oembed/1.0/embed0d43]
[allthebestsofts.com/doris_elementor/wp-content/uploads/2020/04/cropped-Capture-1-32x32.jpg]
[allthebestsofts.com/doris_elementor/wp-content/uploads/2020/04/cropped-Capture-1-192x192.jpg]
[allthebestsofts.com/doris_elementor/wp-content/uploads/2020/04/cropped-Capture-1-180x180.jpg]
[allthebestsofts.com/doris_elementor/wp-content/uploads/2020/04/cropped-Capture.jpg]
[allthebestsofts.com/doris_elementor/#elementor-action_action=popup_open&settings=eyJpZCI6IjIzMzYiLCJ0b2dnbGUiOmZhbHNlfQ==.1b.delayed]
[allthebestsofts.com/doris_elementor/404/index.html]
[allthebestsofts.com/doris_elementor/home-2/index.html]
[allthebestsofts.com/doris_elementor/home-3/index.html]
[allthebestsofts.com/doris_elementor/home-4/index.html]
[allthebestsofts.com/doris_elementor/wp-content/uploads/2020/04/beans-brew-caffeine-coffee-2061-min.jpg]
[allthebestsofts.com/doris_elementor/category/lifestyle/index.html]
[allthebestsofts.com/doris_elementor/tag/beauty/index.html]
[allthebestsofts.com/doris_elementor/wp-content/uploads/2020/04/beans-brew-caffeine-coffee-2061-min-768x510.jpg]
[allthebestsofts.com/doris_elementor/i-moved-across-the-country-and-never-looked-back/index.html]
[allthebestsofts.com/doris_elementor/journey-through-the-sahara/index.html]
[allthebestsofts.com/doris_elementor/contact/index.html]
[allthebestsofts.com/doris_elementor/wp-content/uploads/2020/04/white-and-brown-sofa-chair-near-white-wall-3981648-min-768x1024.jpg]
[allthebestsofts.com/doris_elementor/author/bkninja/index.html]
[allthebestsofts.com/doris_elementor/index0979.html]
[allthebestsofts.com/doris_elementor/category/travel/index.html]
[allthebestsofts.com/doris_elementor/the-argument-for-short-meditations/index.html]
[allthebestsofts.com/doris_elementor/wp-content/uploads/2020/04/beans-brew-caffeine-coffee-2061-min-300x199.jpg]
[allthebestsofts.com/doris_elementor/wp-content/uploads/2020/04/white-and-brown-sofa-chair-near-white-wall-3981648-min-225x300.jpg]
[allthebestsofts.com/doris_elementor/genderless-kei-japans-hot-new-fashion-trend/index.html]
[allthebestsofts.com/doris_elementor/wp-content/uploads/2020/04/Author-4.jpg]
[allthebestsofts.com/doris_elementor/wp-content/uploads/2020/04/person-wearing-brown-leather-boots-1375626-min-767x1024.jpg]
[allthebestsofts.com/doris_elementor/wp-content/uploads/2020/04/person-wearing-brown-leather-boots-1375626-min-768x1025.jpg]
[allthebestsofts.com/doris_elementor/wp-content/uploads/2020/04/black-city-bicycle-in-front-of-building-1030950-min-768x1024.jpg]
[allthebestsofts.com/doris_elementor/wp-content/uploads/2020/04/black-and-gray-shoe-near-red-vehicle-1272368-min-768x548.jpg]
[allthebestsofts.com/doris_elementor/wp-content/uploads/2020/04/beans-on-tray-2131905-min-768x512.jpg]
[allthebestsofts.com/doris_elementor/no-fixed-abode-quitting-home-ownership/index.html]
[allthebestsofts.com/doris_elementor/wp-content/uploads/2020/04/person-wearing-brown-leather-boots-1375626-min-1151x1536.jpg]
[allthebestsofts.com/doris_elementor/developing-self-control-through-the-wonders-of-intermittent-fasting/index.html]
[allthebestsofts.com/doris_elementor/wp-content/uploads/2020/04/white-book-on-white-surface-1030956-min-768x960.jpg]
[allthebestsofts.com/doris_elementor/the-next-big-thing-in-fashion-not-washing-your-clothes/index.html]
[allthebestsofts.com/doris_elementor/korean-beauty-standards-my-mom-and-me/index.html]
[allthebestsofts.com/doris_elementor/page/2/index.html]
[allthebestsofts.com/doris_elementor/wp-content/uploads/2020/04/food-coffee-brunch-cafe-3326355-min-768x1152.jpg]
[allthebestsofts.com/doris_elementor/wp-content/uploads/2020/04/stainless-steel-fork-and-white-ceramic-plate-with-food-on-127255-min-300x225.jpg]
[allthebestsofts.com/doris_elementor/wp-content/uploads/2020/04/photo-of-coffee-warmer-pump-jar-filled-with-coffee-872902-min-300x200.jpg]
[allthebestsofts.com/doris_elementor/relationships-arent-easy-but-theyre-worth-it/index.html]
[allthebestsofts.com/doris_elementor/wp-content/uploads/2020/04/person-holding-potted-plant-2227118-min-300x234.jpg]
[allthebestsofts.com/doris_elementor/i-thought-my-glasses-made-me-unattractive/index.html]
[allthebestsofts.com/doris_elementor/wp-content/uploads/2020/04/logofooter.jpg]
[allthebestsofts.com/doris_elementor/wp-includes/js/wp-embed.minc4ec.js]
[allthebestsofts.com/doris_elementor/how-to-find-hidden-cameras-in-your-airbnb-and-anywhere-else/index.html]
[allthebestsofts.com/doris_elementor/wp-content/plugins/elementor-pro/assets/lib/smartmenus/jquery.smartmenus.minf269.js]
[allthebestsofts.com/doris_elementor/wp-includes/js/imagesloaded.min55a0.js]
[allthebestsofts.com/doris_elementor/wp-content/plugins/elementor-pro/assets/lib/sticky/jquery.sticky.minab7d.js]
[allthebestsofts.com/doris_elementor/wp-content/plugins/elementor/assets/js/frontend-modules.minc867.js]
[allthebestsofts.com/doris_elementor/wp-includes/js/jquery/ui/position.mine899.js]
[allthebestsofts.com/doris_elementor/wp-content/plugins/elementor/assets/lib/dialog/dialog.minae9e.js]
[allthebestsofts.com/doris_elementor/wp-content/plugins/elementor-pro/assets/js/frontend.minab7d.js]
[allthebestsofts.com/doris_elementor/wp-content/plugins/elementor/assets/lib/waypoints/waypoints.min05da.js]
[allthebestsofts.com/doris_elementor/wp-content/plugins/elementor/assets/lib/share-link/share-link.minc867.js]
[allthebestsofts.com/doris_elementor/index.html]
[allthebestsofts.com/doris_elementor/wp-includes/css/dist/block-library/style.minc4ec.css]
[allthebestsofts.com/doris_elementor/wp-content/plugins/template-kit-export/public/assets/css/template-kit-export-public.mincb18.css]
[allthebestsofts.com/doris_elementor/wp-content/themes/hello-elementor/style.min3601.css]
[allthebestsofts.com/doris_elementor/wp-content/themes/hello-elementor/theme.min3601.css]
[allthebestsofts.com/doris_elementor/wp-content/plugins/elementor/assets/lib/eicons/fonts/eicons2cbf.eot]
[allthebestsofts.com/doris_elementor/wp-content/plugins/elementor/assets/lib/swiper/swiper.min48f5.js]
[allthebestsofts.com/doris_elementor/wp-content/plugins/elementor/assets/js/frontend.minc867.js]
[allthebestsofts.com/doris_elementor/wp-content/plugins/elementor/assets/lib/eicons/fonts/eicons2cbf.woff2]
[allthebestsofts.com/doris_elementor/wp-content/plugins/elementor/assets/lib/eicons/fonts/eicons2cbf.woff]
[allthebestsofts.com/doris_elementor/wp-content/plugins/elementor/assets/lib/eicons/fonts/eicons2cbf.ttf]
[allthebestsofts.com/doris_elementor/wp-content/plugins/elementor/assets/lib/eicons/css/elementor-icons.min4c7e.css]
[allthebestsofts.com/doris_elementor/wp-content/plugins/elementor/assets/lib/animations/animations.minc867.css]
[allthebestsofts.com/doris_elementor/wp-content/plugins/elementor/assets/css/frontend.minc867.css]
[allthebestsofts.com/doris_elementor/wp-content/plugins/elementor-pro/assets/css/frontend.minab7d.css]
[allthebestsofts.com/doris_elementor/wp-content/uploads/elementor/css/post-265570fb.css]
[allthebestsofts.com/doris_elementor/wp-content/uploads/elementor/css/post-2356b78f.css]
[allthebestsofts.com/doris_elementor/wp-content/uploads/elementor/css/post-2385151d.css]
[allthebestsofts.com/doris_elementor/wp-content/uploads/elementor/css/post-23367b1b.css]
[allthebestsofts.com/doris_elementor/wp-content/plugins/elementor/assets/lib/font-awesome/css/fontawesome.minb683.css]
[allthebestsofts.com/doris_elementor/wp-content/plugins/elementor/assets/lib/font-awesome/webfonts/fa-brands-400.eot]
[allthebestsofts.com/doris_elementor/wp-content/plugins/elementor/assets/lib/eicons/fonts/eicons2cbf.svg]
[allthebestsofts.com/doris_elementor/wp-content/plugins/elementor/assets/lib/font-awesome/webfonts/fa-brands-400d41d.eot]
[allthebestsofts.com/doris_elementor/wp-content/plugins/elementor/assets/lib/font-awesome/webfonts/fa-brands-400.woff2]
[allthebestsofts.com/doris_elementor/wp-content/plugins/elementor/assets/lib/font-awesome/webfonts/fa-brands-400.woff]
[allthebestsofts.com/doris_elementor/wp-content/plugins/elementor/assets/lib/font-awesome/webfonts/fa-brands-400.ttf]
[allthebestsofts.com/doris_elementor/wp-content/plugins/elementor/assets/lib/font-awesome/css/brands.minb683.css]
[allthebestsofts.com/doris_elementor/wp-content/plugins/elementor/assets/lib/font-awesome/webfonts/fa-solid-900.eot]
[allthebestsofts.com/doris_elementor/wp-content/plugins/elementor/assets/lib/font-awesome/webfonts/fa-solid-900d41d.eot]
[allthebestsofts.com/doris_elementor/wp-content/plugins/elementor/assets/lib/font-awesome/webfonts/fa-solid-900.woff2]
[allthebestsofts.com/doris_elementor/wp-content/plugins/elementor/assets/lib/font-awesome/webfonts/fa-brands-400.svg]
[allthebestsofts.com/doris_elementor/wp-content/plugins/elementor/assets/lib/font-awesome/webfonts/fa-solid-900.woff]
[allthebestsofts.com/doris_elementor/wp-content/plugins/elementor/assets/lib/font-awesome/webfonts/fa-solid-900.ttf]
[allthebestsofts.com/doris_elementor/wp-content/plugins/elementor/assets/lib/font-awesome/css/solid.minb683.css]
[allthebestsofts.com/doris_elementor/wp-content/uploads/elementor/css/post-2764d197.css]
[allthebestsofts.com/doris_elementor/wp-json/oembed/1.0/embed5f09.json]
[allthebestsofts.com/doris_elementor/wp-json/oembed/1.0/embed27c5]
[allthebestsofts.com/doris_elementor/home-2/#elementor-action_action=popup_open&settings=eyJpZCI6IjIzMzYiLCJ0b2dnbGUiOmZhbHNlfQ==]
[allthebestsofts.com/doris_elementor/wp-content/uploads/2020/04/person-wearing-brown-leather-boots-1375626-min-150x150.jpg]
[allthebestsofts.com/doris_elementor/wp-content/plugins/elementor/assets/lib/font-awesome/webfonts/fa-solid-900.svg]
[allthebestsofts.com/doris_elementor/wp-content/uploads/2020/04/beans-on-tray-2131905-min-150x150.jpg]
[allthebestsofts.com/doris_elementor/wp-content/uploads/2020/04/beans-brew-caffeine-coffee-2061-min-150x150.jpg]
[allthebestsofts.com/doris_elementor/home-2/index.html]
[allthebestsofts.com/doris_elementor/home-2/2/index.html]
[allthebestsofts.com/doris_elementor/wp-content/uploads/elementor/css/post-2769f412.css]
[allthebestsofts.com/doris_elementor/wp-json/oembed/1.0/embed8395.json]
[allthebestsofts.com/doris_elementor/wp-json/oembed/1.0/embed372f]
[allthebestsofts.com/doris_elementor/home-3/#elementor-action_action=popup_open&settings=eyJpZCI6IjIzMzYiLCJ0b2dnbGUiOmZhbHNlfQ==]
[allthebestsofts.com/doris_elementor/home-3/index.html]
[allthebestsofts.com/doris_elementor/wp-content/uploads/elementor/css/post-277342a3.css]
[allthebestsofts.com/doris_elementor/wp-json/oembed/1.0/embedf007.json]
[allthebestsofts.com/doris_elementor/home-3/2/index.html]
[allthebestsofts.com/doris_elementor/wp-json/oembed/1.0/embed9360]
[allthebestsofts.com/doris_elementor/home-4/#elementor-action_action=popup_open&settings=eyJpZCI6IjIzMzYiLCJ0b2dnbGUiOmZhbHNlfQ==]
[allthebestsofts.com/doris_elementor/home-4/index.html]
[allthebestsofts.com/doris_elementor/wp-json/oembed/1.0/embed4567.json]
[allthebestsofts.com/doris_elementor/feed/index3165.html]
[allthebestsofts.com/doris_elementor/home-4/2/index.html]
[allthebestsofts.com/doris_elementor/wp-json/oembed/1.0/embedcb89]
[allthebestsofts.com/doris_elementor/404/#elementor-action_action=popup_open&settings=eyJpZCI6IjIzMzYiLCJ0b2dnbGUiOmZhbHNlfQ==]
[allthebestsofts.com/doris_elementor/wp-content/uploads/2020/04/404-.jpg]
[allthebestsofts.com/doris_elementor/wp-content/uploads/2020/04/404--300x151.jpg]
[allthebestsofts.com/doris_elementor/wp-includes/js/comment-reply.minc4ec.js]
[allthebestsofts.com/doris_elementor/404/index.html]
[allthebestsofts.com/doris_elementor/wp-content/uploads/elementor/css/post-2347b3c4.css]
[allthebestsofts.com/doris_elementor/category/lifestyle/feed/index.html]
[allthebestsofts.com/doris_elementor/category/lifestyle/#elementor-action_action=popup_open&settings=eyJpZCI6IjIzMzYiLCJ0b2dnbGUiOmZhbHNlfQ==]
[allthebestsofts.com/doris_elementor/wp-content/uploads/2020/04/towel-on-the-baed-3626592-min-768x512.jpg]
[allthebestsofts.com/doris_elementor/wp-content/uploads/2020/04/stainless-steel-fork-and-white-ceramic-plate-with-food-on-127255-min-768x576.jpg]
[allthebestsofts.com/doris_elementor/the-two-most-important-tools-to-reconnect-with-your-partner/index.html]
[allthebestsofts.com/doris_elementor/wp-content/uploads/2020/04/photo-of-coffee-warmer-pump-jar-filled-with-coffee-872902-min-768x512.jpg]
[allthebestsofts.com/doris_elementor/category/lifestyle/index.html]
[allthebestsofts.com/doris_elementor/tag/beauty/feed/index.html]
[allthebestsofts.com/doris_elementor/tag/beauty/#elementor-action_action=popup_open&settings=eyJpZCI6IjIzMzYiLCJ0b2dnbGUiOmZhbHNlfQ==]
[allthebestsofts.com/doris_elementor/tag/beauty/index.html]
[allthebestsofts.com/doris_elementor/wp-content/uploads/elementor/css/post-2506603f.css]
[allthebestsofts.com/doris_elementor/journey-through-the-sahara/feed/index.html]
[allthebestsofts.com/doris_elementor/wp-json/oembed/1.0/embed5222.json]
[allthebestsofts.com/doris_elementor/wp-json/oembed/1.0/embed4a6a]
[allthebestsofts.com/doris_elementor/journey-through-the-sahara/#elementor-action_action=popup_open&settings=eyJpZCI6IjIzMzYiLCJ0b2dnbGUiOmZhbHNlfQ==]
[allthebestsofts.com/doris_elementor/wp-content/uploads/elementor/thumbs/person-wearing-brown-leather-boots-1375626-min-scaled-onuewg0haaq0iglohgzyqb499zfer8q2hkyao0x2ew.jpg]
[allthebestsofts.com/envy_elementor/wp-content/uploads/2020/03/three-men-standing-near-waterfalls-2387873-1024x683.jpg]
[allthebestsofts.com/doris_elementor/journey-through-the-sahara/index.html]
[allthebestsofts.com/doris_elementor/tag/relationship/index.html]
[allthebestsofts.com/doris_elementor/tag/travel/index.html]
[allthebestsofts.com/doris_elementor/tag/trend/index.html]
[allthebestsofts.com/doris_elementor/wp-content/uploads/elementor/css/post-268898cf.css]
[allthebestsofts.com/doris_elementor/journey-through-the-sahara/2/index.html]
[allthebestsofts.com/doris_elementor/i-moved-across-the-country-and-never-looked-back/feed/index.html]
[allthebestsofts.com/doris_elementor/wp-json/oembed/1.0/embed8967.json]
[allthebestsofts.com/doris_elementor/wp-json/oembed/1.0/embedeb73]
[allthebestsofts.com/doris_elementor/i-moved-across-the-country-and-never-looked-back/#elementor-action_action=popup_open&settings=eyJpZCI6IjIzMzYiLCJ0b2dnbGUiOmZhbHNlfQ==]
[allthebestsofts.com/doris_elementor/wp-content/uploads/elementor/thumbs/black-city-bicycle-in-front-of-building-1030950-min-scaled-onuet5ktd67vvldpp1sz0506ffn5tdnw1ar475so6w.jpg]
[atbs.bk-ninja.com/suga/wp-content/uploads/2019/10/viviana-rishe-5a5GnXfZSzE-unsplash.jpg]
[allthebestsofts.com/doris_elementor/i-moved-across-the-country-and-never-looked-back/index.html]
[allthebestsofts.com/doris_elementor/tag/inspire/index.html]
[allthebestsofts.com/doris_elementor/wp-content/uploads/elementor/css/post-23323e52.css]
[allthebestsofts.com/doris_elementor/index0979.html]
[allthebestsofts.com/doris_elementor/tag/lifestyle/index.html]
[allthebestsofts.com/doris_elementor/i-moved-across-the-country-and-never-looked-back/2/index.html]
[allthebestsofts.com/doris_elementor/wp-content/uploads/elementor/css/post-27995f50.css]
[allthebestsofts.com/doris_elementor/page/2/index0979.html]
[allthebestsofts.com/doris_elementor/wp-json/oembed/1.0/embed8ad2.json]
[allthebestsofts.com/doris_elementor/wp-json/oembed/1.0/embedbf98]
[allthebestsofts.com/doris_elementor/contact/#elementor-action_action=popup_open&settings=eyJpZCI6IjIzMzYiLCJ0b2dnbGUiOmZhbHNlfQ==]
[allthebestsofts.com/doris_elementor/contact/index.html]
[allthebestsofts.com/doris_elementor/search/the/feed/rss2/index.html]
[allthebestsofts.com/doris_elementor/wp-content/uploads/elementor/css/post-2334463a.css]
[allthebestsofts.com/doris_elementor/author/bkninja/feed/index.html]
[allthebestsofts.com/doris_elementor/author/bkninja/#elementor-action_action=popup_open&settings=eyJpZCI6IjIzMzYiLCJ0b2dnbGUiOmZhbHNlfQ==]
[allthebestsofts.com/doris_elementor/wp-content/uploads/2020/04/person-wearing-brown-leather-boots-1375626-min-225x300.jpg]
[allthebestsofts.com/doris_elementor/wp-content/uploads/2020/04/black-city-bicycle-in-front-of-building-1030950-min-225x300.jpg]
[allthebestsofts.com/doris_elementor/wp-content/uploads/2020/04/black-and-gray-shoe-near-red-vehicle-1272368-min-300x214.jpg]
[allthebestsofts.com/doris_elementor/wp-content/uploads/2020/04/beans-on-tray-2131905-min-300x200.jpg]
[allthebestsofts.com/doris_elementor/wp-content/uploads/2020/04/white-book-on-white-surface-1030956-min-240x300.jpg]
[allthebestsofts.com/doris_elementor/wp-content/uploads/2020/04/towel-on-the-baed-3626592-min-300x200.jpg]
[allthebestsofts.com/doris_elementor/author/bkninja/index.html]
[allthebestsofts.com/doris_elementor/category/travel/feed/index.html]
[allthebestsofts.com/doris_elementor/author/bkninja/page/2/index.html]
[allthebestsofts.com/doris_elementor/category/travel/#elementor-action_action=popup_open&settings=eyJpZCI6IjIzMzYiLCJ0b2dnbGUiOmZhbHNlfQ==.7f.delayed]
[allthebestsofts.com/doris_elementor/wp-content/uploads/2020/04/person-holding-potted-plant-2227118-min-768x598.jpg]
[allthebestsofts.com/doris_elementor/category/travel/index.html]
[allthebestsofts.com/doris_elementor/#elementor-action_action=popup_open&settings=eyJpZCI6IjIzMzYiLCJ0b2dnbGUiOmZhbHNlfQ==.html]
[allthebestsofts.com/doris_elementor/wp-json/oembed/1.0/embedc0f2.json]
[allthebestsofts.com/doris_elementor/the-argument-for-short-meditations/feed/index.html]
[allthebestsofts.com/doris_elementor/wp-json/oembed/1.0/embedf36b]
[allthebestsofts.com/doris_elementor/the-argument-for-short-meditations/#elementor-action_action=popup_open&settings=eyJpZCI6IjIzMzYiLCJ0b2dnbGUiOmZhbHNlfQ==]
[allthebestsofts.com/doris_elementor/wp-content/uploads/elementor/thumbs/beans-brew-caffeine-coffee-2061-min-onuessf2phpvd1wttw4718bq41g0tm7nbhmbhac6m0.jpg]
[allthebestsofts.com/doris_elementor/the-argument-for-short-meditations/index.html]
[allthebestsofts.com/doris_elementor/tag/inspiration/index.html]
[allthebestsofts.com/doris_elementor/category/inspiration/index.html]
[allthebestsofts.com/doris_elementor/wp-json/oembed/1.0/embed2c58.json]
[allthebestsofts.com/doris_elementor/the-argument-for-short-meditations/2/index.html]
[allthebestsofts.com/doris_elementor/genderless-kei-japans-hot-new-fashion-trend/feed/index.html]
[allthebestsofts.com/doris_elementor/wp-json/oembed/1.0/embede973]
[allthebestsofts.com/doris_elementor/genderless-kei-japans-hot-new-fashion-trend/#elementor-action_action=popup_open&settings=eyJpZCI6IjIzMzYiLCJ0b2dnbGUiOmZhbHNlfQ==]
[allthebestsofts.com/doris_elementor/wp-content/uploads/elementor/thumbs/white-and-brown-sofa-chair-near-white-wall-3981648-min-onuexr0es0icmypev1bb6z9az8zrg3wnc1kknuzdrs.jpg]
[allthebestsofts.com/doris_elementor/genderless-kei-japans-hot-new-fashion-trend/index.html]
[allthebestsofts.com/doris_elementor/tag/style/index.html]
[allthebestsofts.com/doris_elementor/wp-json/oembed/1.0/embedcce1.json]
[allthebestsofts.com/doris_elementor/tag/fashion/index.html]
[allthebestsofts.com/doris_elementor/no-fixed-abode-quitting-home-ownership/feed/index.html]
[allthebestsofts.com/doris_elementor/genderless-kei-japans-hot-new-fashion-trend/2/index.html]
[allthebestsofts.com/doris_elementor/wp-json/oembed/1.0/embed50c9]
[allthebestsofts.com/doris_elementor/no-fixed-abode-quitting-home-ownership/#elementor-action_action=popup_open&settings=eyJpZCI6IjIzMzYiLCJ0b2dnbGUiOmZhbHNlfQ==]
[allthebestsofts.com/doris_elementor/wp-content/uploads/elementor/thumbs/black-and-gray-shoe-near-red-vehicle-1272368-min-onuesyzy1byvmbn9rgyl0ony9qjlbhxroe6pu82feg.jpg]
[allthebestsofts.com/doris_elementor/no-fixed-abode-quitting-home-ownership/index.html]
[allthebestsofts.com/doris_elementor/tag/journey/index.html]
[allthebestsofts.com/doris_elementor/wp-json/oembed/1.0/embedc037.json]
[allthebestsofts.com/doris_elementor/no-fixed-abode-quitting-home-ownership/2/index.html]
[allthebestsofts.com/doris_elementor/developing-self-control-through-the-wonders-of-intermittent-fasting/feed/index.html]
[allthebestsofts.com/doris_elementor/wp-json/oembed/1.0/embedff07]
[allthebestsofts.com/doris_elementor/developing-self-control-through-the-wonders-of-intermittent-fasting/#elementor-action_action=popup_open&settings=eyJpZCI6IjIzMzYiLCJ0b2dnbGUiOmZhbHNlfQ==]
[allthebestsofts.com/doris_elementor/wp-content/uploads/elementor/thumbs/beans-on-tray-2131905-min-onuesv8l9ztqbvsqdfc2qpm3w724gpiubvkrx4803c.jpg]
[allthebestsofts.com/doris_elementor/developing-self-control-through-the-wonders-of-intermittent-fasting/index.html]
[allthebestsofts.com/doris_elementor/wp-json/oembed/1.0/embed229a.json]
[allthebestsofts.com/doris_elementor/the-next-big-thing-in-fashion-not-washing-your-clothes/feed/index.html]
[allthebestsofts.com/doris_elementor/developing-self-control-through-the-wonders-of-intermittent-fasting/2/index.html]
[allthebestsofts.com/doris_elementor/wp-json/oembed/1.0/embed20b4]
[allthebestsofts.com/doris_elementor/the-next-big-thing-in-fashion-not-washing-your-clothes/#elementor-action_action=popup_open&settings=eyJpZCI6IjIzMzYiLCJ0b2dnbGUiOmZhbHNlfQ==]
[allthebestsofts.com/doris_elementor/wp-content/uploads/elementor/thumbs/white-book-on-white-surface-1030956-min-onuexwnfx0q2kmh7y3r2lxu2jk7yqaj1cthhjir0qg.jpg]
[allthebestsofts.com/doris_elementor/the-next-big-thing-in-fashion-not-washing-your-clothes/index.html]
[allthebestsofts.com/doris_elementor/tag/cloth/index.html]
[allthebestsofts.com/doris_elementor/the-next-big-thing-in-fashion-not-washing-your-clothes/2/index.html]
[allthebestsofts.com/doris_elementor/page/2/#elementor-action_action=popup_open&settings=eyJpZCI6IjIzMzYiLCJ0b2dnbGUiOmZhbHNlfQ==]
[allthebestsofts.com/doris_elementor/page/2/index.html]
[allthebestsofts.com/doris_elementor/2/index.html]
[allthebestsofts.com/doris_elementor/wp-json/oembed/1.0/embedb7e8.json]
[allthebestsofts.com/doris_elementor/korean-beauty-standards-my-mom-and-me/feed/index.html]
[allthebestsofts.com/doris_elementor/wp-json/oembed/1.0/embedf98f]
[allthebestsofts.com/doris_elementor/korean-beauty-standards-my-mom-and-me/#elementor-action_action=popup_open&settings=eyJpZCI6IjIzMzYiLCJ0b2dnbGUiOmZhbHNlfQ==]
[allthebestsofts.com/doris_elementor/wp-content/uploads/elementor/thumbs/food-coffee-brunch-cafe-3326355-min-scaled-onueuxhu9wndt2svbtflpovitmw4cspmy344tz5wfs.jpg]
[allthebestsofts.com/doris_elementor/korean-beauty-standards-my-mom-and-me/index.html]
[allthebestsofts.com/doris_elementor/category/uncategorized/index.html]
[allthebestsofts.com/doris_elementor/tag/habbits/index.html]
[allthebestsofts.com/doris_elementor/wp-json/oembed/1.0/embed0c3f.json]
[allthebestsofts.com/doris_elementor/korean-beauty-standards-my-mom-and-me/2/index.html]
[allthebestsofts.com/doris_elementor/relationships-arent-easy-but-theyre-worth-it/feed/index.html]
[allthebestsofts.com/doris_elementor/wp-json/oembed/1.0/embed8bca]
[allthebestsofts.com/doris_elementor/relationships-arent-easy-but-theyre-worth-it/#elementor-action_action=popup_open&settings=eyJpZCI6IjIzMzYiLCJ0b2dnbGUiOmZhbHNlfQ==]
[allthebestsofts.com/doris_elementor/wp-content/uploads/elementor/thumbs/stainless-steel-fork-and-white-ceramic-plate-with-food-on-127255-min-onuex6bylnq1jjjg7sdio4h5wrtoqrmjx77w3ru1ko.jpg]
[allthebestsofts.com/doris_elementor/relationships-arent-easy-but-theyre-worth-it/index.html]
[allthebestsofts.com/doris_elementor/tag/friendship/index.html]
[allthebestsofts.com/doris_elementor/wp-json/oembed/1.0/embed8552.json]
[allthebestsofts.com/doris_elementor/relationships-arent-easy-but-theyre-worth-it/2/index.html]
[allthebestsofts.com/doris_elementor/i-thought-my-glasses-made-me-unattractive/feed/index.html]
[allthebestsofts.com/doris_elementor/wp-json/oembed/1.0/embed5acf]
[allthebestsofts.com/doris_elementor/i-thought-my-glasses-made-me-unattractive/#elementor-action_action=popup_open&settings=eyJpZCI6IjIzMzYiLCJ0b2dnbGUiOmZhbHNlfQ==]
[allthebestsofts.com/doris_elementor/wp-content/uploads/elementor/thumbs/photo-of-coffee-warmer-pump-jar-filled-with-coffee-872902-min-onuewpev6n2vqk80yl28f8qv7u52w7rduvh5gsj4oo.jpg]
[allthebestsofts.com/doris_elementor/i-thought-my-glasses-made-me-unattractive/index.html]
[allthebestsofts.com/doris_elementor/wp-json/oembed/1.0/embedfb59.json]
[allthebestsofts.com/doris_elementor/how-to-find-hidden-cameras-in-your-airbnb-and-anywhere-else/feed/index.html]
[allthebestsofts.com/doris_elementor/i-thought-my-glasses-made-me-unattractive/2/index.html]
[allthebestsofts.com/doris_elementor/wp-json/oembed/1.0/embede231]
[allthebestsofts.com/doris_elementor/how-to-find-hidden-cameras-in-your-airbnb-and-anywhere-else/#elementor-action_action=popup_open&settings=eyJpZCI6IjIzMzYiLCJ0b2dnbGUiOmZhbHNlfQ==]
[allthebestsofts.com/doris_elementor/wp-content/uploads/elementor/thumbs/person-holding-potted-plant-2227118-min-onuew3sktg9abj3fgtptbw79jz3mz6dk3wgzfff6ns.jpg]
[allthebestsofts.com/doris_elementor/how-to-find-hidden-cameras-in-your-airbnb-and-anywhere-else/index.html]
[allthebestsofts.com/doris_elementor/wp-content/plugins/elementor/assets/lib/eicons/fonts/eicons2cbf.svg]
[allthebestsofts.com/doris_elementor/wp-content/plugins/elementor/assets/lib/font-awesome/webfonts/fa-brands-400.svg]
[allthebestsofts.com/doris_elementor/wp-content/plugins/elementor/assets/lib/font-awesome/webfonts/fa-solid-900.svg]
[allthebestsofts.com/doris_elementor/wp-content/uploads/elementor/css/post-2764d197.css]
[allthebestsofts.com/doris_elementor/indexbc2b.html]
[allthebestsofts.com/doris_elementor/home-2/#elementor-action_action=popup_open&settings=eyJpZCI6IjIzMzYiLCJ0b2dnbGUiOmZhbHNlfQ==.html]
[allthebestsofts.com/doris_elementor/how-to-find-hidden-cameras-in-your-airbnb-and-anywhere-else/2/index.html]
[allthebestsofts.com/doris_elementor/tag/privacy/index.html]
[allthebestsofts.com/doris_elementor/home-2/2/#elementor-action_action=popup_open&settings=eyJpZCI6IjIzMzYiLCJ0b2dnbGUiOmZhbHNlfQ==]
[allthebestsofts.com/doris_elementor/home-2/2/index.html]
[allthebestsofts.com/doris_elementor/wp-content/uploads/elementor/css/post-2769f412.css]
[allthebestsofts.com/doris_elementor/indexd172.html]
[allthebestsofts.com/doris_elementor/home-3/#elementor-action_action=popup_open&settings=eyJpZCI6IjIzMzYiLCJ0b2dnbGUiOmZhbHNlfQ==.html]
[allthebestsofts.com/doris_elementor/home-3/2/#elementor-action_action=popup_open&settings=eyJpZCI6IjIzMzYiLCJ0b2dnbGUiOmZhbHNlfQ==]
[allthebestsofts.com/doris_elementor/home-3/2/index.html]
[allthebestsofts.com/doris_elementor/wp-content/uploads/elementor/css/post-277342a3.css]
[allthebestsofts.com/doris_elementor/index630a.html]
[allthebestsofts.com/doris_elementor/home-4/#elementor-action_action=popup_open&settings=eyJpZCI6IjIzMzYiLCJ0b2dnbGUiOmZhbHNlfQ==.html]
[allthebestsofts.com/doris_elementor/home-4/2/#elementor-action_action=popup_open&settings=eyJpZCI6IjIzMzYiLCJ0b2dnbGUiOmZhbHNlfQ==]
[allthebestsofts.com/doris_elementor/home-4/2/index.html]
[allthebestsofts.com/doris_elementor/indexd2ca.html]
[allthebestsofts.com/doris_elementor/404/#elementor-action_action=popup_open&settings=eyJpZCI6IjIzMzYiLCJ0b2dnbGUiOmZhbHNlfQ==.html]
[allthebestsofts.com/doris_elementor/wp-content/uploads/elementor/css/post-2347b3c4.css]
[allthebestsofts.com/doris_elementor/category/lifestyle/#elementor-action_action=popup_open&settings=eyJpZCI6IjIzMzYiLCJ0b2dnbGUiOmZhbHNlfQ==.html]
[allthebestsofts.com/doris_elementor/the-two-most-important-tools-to-reconnect-with-your-partner/feed/index.html]
[allthebestsofts.com/doris_elementor/wp-json/oembed/1.0/embed2a88.json]
[allthebestsofts.com/doris_elementor/wp-json/oembed/1.0/embede02a]
[allthebestsofts.com/doris_elementor/the-two-most-important-tools-to-reconnect-with-your-partner/#elementor-action_action=popup_open&settings=eyJpZCI6IjIzMzYiLCJ0b2dnbGUiOmZhbHNlfQ==]
[allthebestsofts.com/doris_elementor/wp-content/uploads/elementor/thumbs/towel-on-the-baed-3626592-min-onuexmb7tubx0ww8mha6cig00bmxdmdzneb59h6cmw.jpg]
[allthebestsofts.com/doris_elementor/the-two-most-important-tools-to-reconnect-with-your-partner/index.html]
[allthebestsofts.com/doris_elementor/tag/beauty/#elementor-action_action=popup_open&settings=eyJpZCI6IjIzMzYiLCJ0b2dnbGUiOmZhbHNlfQ==.html]
[allthebestsofts.com/doris_elementor/wp-content/uploads/elementor/css/post-2506603f.css]
[allthebestsofts.com/doris_elementor/indexa36b.html]
[allthebestsofts.com/doris_elementor/journey-through-the-sahara/#elementor-action_action=popup_open&settings=eyJpZCI6IjIzMzYiLCJ0b2dnbGUiOmZhbHNlfQ==.html]
[allthebestsofts.com/doris_elementor/the-two-most-important-tools-to-reconnect-with-your-partner/2/index.html]
[allthebestsofts.com/doris_elementor/tag/relationship/#elementor-action_action=popup_open&settings=eyJpZCI6IjIzMzYiLCJ0b2dnbGUiOmZhbHNlfQ==]
[allthebestsofts.com/doris_elementor/tag/relationship/index.html]
[allthebestsofts.com/doris_elementor/tag/travel/feed/index.html]
[allthebestsofts.com/doris_elementor/tag/relationship/feed/index.html]
[allthebestsofts.com/doris_elementor/tag/travel/#elementor-action_action=popup_open&settings=eyJpZCI6IjIzMzYiLCJ0b2dnbGUiOmZhbHNlfQ==]
[allthebestsofts.com/doris_elementor/tag/travel/index.html]
[allthebestsofts.com/doris_elementor/tag/trend/feed/index.html]
[allthebestsofts.com/doris_elementor/tag/trend/#elementor-action_action=popup_open&settings=eyJpZCI6IjIzMzYiLCJ0b2dnbGUiOmZhbHNlfQ==]
[allthebestsofts.com/doris_elementor/tag/trend/index.html]
[allthebestsofts.com/doris_elementor/journey-through-the-sahara/2/#elementor-action_action=popup_open&settings=eyJpZCI6IjIzMzYiLCJ0b2dnbGUiOmZhbHNlfQ==]
[allthebestsofts.com/doris_elementor/journey-through-the-sahara/2/index.html]
[allthebestsofts.com/doris_elementor/wp-content/uploads/elementor/css/post-268898cf.css]
[allthebestsofts.com/doris_elementor/index1a26.html]
[allthebestsofts.com/doris_elementor/i-moved-across-the-country-and-never-looked-back/#elementor-action_action=popup_open&settings=eyJpZCI6IjIzMzYiLCJ0b2dnbGUiOmZhbHNlfQ==.html]
[allthebestsofts.com/doris_elementor/tag/inspire/feed/index.html]
[allthebestsofts.com/doris_elementor/tag/inspire/#elementor-action_action=popup_open&settings=eyJpZCI6IjIzMzYiLCJ0b2dnbGUiOmZhbHNlfQ==]
[allthebestsofts.com/doris_elementor/tag/inspire/index.html]
[allthebestsofts.com/doris_elementor/tag/lifestyle/feed/index.html]
[allthebestsofts.com/doris_elementor/tag/lifestyle/#elementor-action_action=popup_open&settings=eyJpZCI6IjIzMzYiLCJ0b2dnbGUiOmZhbHNlfQ==]
[allthebestsofts.com/doris_elementor/tag/lifestyle/index.html]
[allthebestsofts.com/doris_elementor/i-moved-across-the-country-and-never-looked-back/2/#elementor-action_action=popup_open&settings=eyJpZCI6IjIzMzYiLCJ0b2dnbGUiOmZhbHNlfQ==]
[allthebestsofts.com/doris_elementor/i-moved-across-the-country-and-never-looked-back/2/index.html]
[allthebestsofts.com/doris_elementor/wp-content/uploads/elementor/css/post-23323e52.css]
[allthebestsofts.com/doris_elementor/page/2/index0979.html]
[allthebestsofts.com/doris_elementor/wp-content/uploads/elementor/css/post-27995f50.css]
[allthebestsofts.com/doris_elementor/index26fe.html]
[allthebestsofts.com/doris_elementor/contact/#elementor-action_action=popup_open&settings=eyJpZCI6IjIzMzYiLCJ0b2dnbGUiOmZhbHNlfQ==.html]
[allthebestsofts.com/doris_elementor/wp-content/uploads/elementor/css/post-2334463a.css]
[allthebestsofts.com/doris_elementor/author/bkninja/#elementor-action_action=popup_open&settings=eyJpZCI6IjIzMzYiLCJ0b2dnbGUiOmZhbHNlfQ==.html]
[allthebestsofts.com/doris_elementor/author/bkninja/page/2/#elementor-action_action=popup_open&settings=eyJpZCI6IjIzMzYiLCJ0b2dnbGUiOmZhbHNlfQ==]
[allthebestsofts.com/doris_elementor/wp-content/uploads/2020/04/food-coffee-brunch-cafe-3326355-min-200x300.jpg]
[allthebestsofts.com/doris_elementor/author/bkninja/page/2/index.html]
[allthebestsofts.com/doris_elementor/category/travel/#elementor-action_action=popup_open&settings=eyJpZCI6IjIzMzYiLCJ0b2dnbGUiOmZhbHNlfQ==.html]
[allthebestsofts.com/doris_elementor/index31a3.html]
[allthebestsofts.com/doris_elementor/the-argument-for-short-meditations/#elementor-action_action=popup_open&settings=eyJpZCI6IjIzMzYiLCJ0b2dnbGUiOmZhbHNlfQ==.html]
[allthebestsofts.com/doris_elementor/category/inspiration/feed/index.html]
[allthebestsofts.com/doris_elementor/category/inspiration/#elementor-action_action=popup_open&settings=eyJpZCI6IjIzMzYiLCJ0b2dnbGUiOmZhbHNlfQ==]
[allthebestsofts.com/doris_elementor/category/inspiration/index.html]
[allthebestsofts.com/doris_elementor/tag/inspiration/feed/index.html]
[allthebestsofts.com/doris_elementor/tag/inspiration/#elementor-action_action=popup_open&settings=eyJpZCI6IjIzMzYiLCJ0b2dnbGUiOmZhbHNlfQ==]
[allthebestsofts.com/doris_elementor/tag/inspiration/index.html]
[allthebestsofts.com/doris_elementor/the-argument-for-short-meditations/2/#elementor-action_action=popup_open&settings=eyJpZCI6IjIzMzYiLCJ0b2dnbGUiOmZhbHNlfQ==]
[allthebestsofts.com/doris_elementor/the-argument-for-short-meditations/2/index.html]
[allthebestsofts.com/doris_elementor/index4ab3.html]
[allthebestsofts.com/doris_elementor/genderless-kei-japans-hot-new-fashion-trend/#elementor-action_action=popup_open&settings=eyJpZCI6IjIzMzYiLCJ0b2dnbGUiOmZhbHNlfQ==.html]
[allthebestsofts.com/doris_elementor/tag/fashion/feed/index.html]
[allthebestsofts.com/doris_elementor/tag/fashion/#elementor-action_action=popup_open&settings=eyJpZCI6IjIzMzYiLCJ0b2dnbGUiOmZhbHNlfQ==]
[allthebestsofts.com/doris_elementor/tag/fashion/index.html]
[allthebestsofts.com/doris_elementor/tag/style/feed/index.html]
[allthebestsofts.com/doris_elementor/tag/style/#elementor-action_action=popup_open&settings=eyJpZCI6IjIzMzYiLCJ0b2dnbGUiOmZhbHNlfQ==]
[allthebestsofts.com/doris_elementor/tag/style/index.html]
[allthebestsofts.com/doris_elementor/genderless-kei-japans-hot-new-fashion-trend/2/#elementor-action_action=popup_open&settings=eyJpZCI6IjIzMzYiLCJ0b2dnbGUiOmZhbHNlfQ==]
[allthebestsofts.com/doris_elementor/genderless-kei-japans-hot-new-fashion-trend/2/index.html]
[allthebestsofts.com/doris_elementor/index9469.html]
[allthebestsofts.com/doris_elementor/no-fixed-abode-quitting-home-ownership/#elementor-action_action=popup_open&settings=eyJpZCI6IjIzMzYiLCJ0b2dnbGUiOmZhbHNlfQ==.html]
[allthebestsofts.com/doris_elementor/tag/journey/feed/index.html]
[allthebestsofts.com/doris_elementor/tag/journey/#elementor-action_action=popup_open&settings=eyJpZCI6IjIzMzYiLCJ0b2dnbGUiOmZhbHNlfQ==]
[allthebestsofts.com/doris_elementor/tag/journey/index.html]
[allthebestsofts.com/doris_elementor/no-fixed-abode-quitting-home-ownership/2/#elementor-action_action=popup_open&settings=eyJpZCI6IjIzMzYiLCJ0b2dnbGUiOmZhbHNlfQ==]
[allthebestsofts.com/doris_elementor/no-fixed-abode-quitting-home-ownership/2/index.html]
[allthebestsofts.com/doris_elementor/index47f2.html]
[allthebestsofts.com/doris_elementor/developing-self-control-through-the-wonders-of-intermittent-fasting/#elementor-action_action=popup_open&settings=eyJpZCI6IjIzMzYiLCJ0b2dnbGUiOmZhbHNlfQ==.html]
[allthebestsofts.com/doris_elementor/developing-self-control-through-the-wonders-of-intermittent-fasting/2/#elementor-action_action=popup_open&settings=eyJpZCI6IjIzMzYiLCJ0b2dnbGUiOmZhbHNlfQ==]
[allthebestsofts.com/doris_elementor/developing-self-control-through-the-wonders-of-intermittent-fasting/2/index.html]
[allthebestsofts.com/doris_elementor/index913e.html]
[allthebestsofts.com/doris_elementor/the-next-big-thing-in-fashion-not-washing-your-clothes/#elementor-action_action=popup_open&settings=eyJpZCI6IjIzMzYiLCJ0b2dnbGUiOmZhbHNlfQ==.html]
[allthebestsofts.com/doris_elementor/tag/cloth/feed/index.html]
[allthebestsofts.com/doris_elementor/tag/cloth/#elementor-action_action=popup_open&settings=eyJpZCI6IjIzMzYiLCJ0b2dnbGUiOmZhbHNlfQ==]
[allthebestsofts.com/doris_elementor/tag/cloth/index.html]
[allthebestsofts.com/doris_elementor/the-next-big-thing-in-fashion-not-washing-your-clothes/2/#elementor-action_action=popup_open&settings=eyJpZCI6IjIzMzYiLCJ0b2dnbGUiOmZhbHNlfQ==]
[allthebestsofts.com/doris_elementor/the-next-big-thing-in-fashion-not-washing-your-clothes/2/index.html]
[allthebestsofts.com/doris_elementor/2/index.html]
[allthebestsofts.com/doris_elementor/page/2/#elementor-action_action=popup_open&settings=eyJpZCI6IjIzMzYiLCJ0b2dnbGUiOmZhbHNlfQ==.html]
[allthebestsofts.com/doris_elementor/index8ed7.html]
[allthebestsofts.com/doris_elementor/korean-beauty-standards-my-mom-and-me/#elementor-action_action=popup_open&settings=eyJpZCI6IjIzMzYiLCJ0b2dnbGUiOmZhbHNlfQ==.html]
[allthebestsofts.com/doris_elementor/category/uncategorized/feed/index.html]
[allthebestsofts.com/doris_elementor/category/uncategorized/#elementor-action_action=popup_open&settings=eyJpZCI6IjIzMzYiLCJ0b2dnbGUiOmZhbHNlfQ==]
[allthebestsofts.com/doris_elementor/category/uncategorized/index.html]
[allthebestsofts.com/doris_elementor/tag/habbits/feed/index.html]
[allthebestsofts.com/doris_elementor/tag/habbits/#elementor-action_action=popup_open&settings=eyJpZCI6IjIzMzYiLCJ0b2dnbGUiOmZhbHNlfQ==]
[allthebestsofts.com/doris_elementor/tag/habbits/index.html]
[allthebestsofts.com/doris_elementor/korean-beauty-standards-my-mom-and-me/2/#elementor-action_action=popup_open&settings=eyJpZCI6IjIzMzYiLCJ0b2dnbGUiOmZhbHNlfQ==]
[allthebestsofts.com/doris_elementor/korean-beauty-standards-my-mom-and-me/2/index.html]
[allthebestsofts.com/doris_elementor/indexd78c.html]
[allthebestsofts.com/doris_elementor/relationships-arent-easy-but-theyre-worth-it/#elementor-action_action=popup_open&settings=eyJpZCI6IjIzMzYiLCJ0b2dnbGUiOmZhbHNlfQ==.html]
[allthebestsofts.com/doris_elementor/tag/friendship/feed/index.html]
[allthebestsofts.com/doris_elementor/tag/friendship/#elementor-action_action=popup_open&settings=eyJpZCI6IjIzMzYiLCJ0b2dnbGUiOmZhbHNlfQ==]
[allthebestsofts.com/doris_elementor/tag/friendship/index.html]
[allthebestsofts.com/doris_elementor/relationships-arent-easy-but-theyre-worth-it/2/#elementor-action_action=popup_open&settings=eyJpZCI6IjIzMzYiLCJ0b2dnbGUiOmZhbHNlfQ==]
[allthebestsofts.com/doris_elementor/relationships-arent-easy-but-theyre-worth-it/2/index.html]
[allthebestsofts.com/doris_elementor/index5a24.html]
[allthebestsofts.com/doris_elementor/i-thought-my-glasses-made-me-unattractive/#elementor-action_action=popup_open&settings=eyJpZCI6IjIzMzYiLCJ0b2dnbGUiOmZhbHNlfQ==.html]
[allthebestsofts.com/doris_elementor/i-thought-my-glasses-made-me-unattractive/2/#elementor-action_action=popup_open&settings=eyJpZCI6IjIzMzYiLCJ0b2dnbGUiOmZhbHNlfQ==]
[allthebestsofts.com/doris_elementor/i-thought-my-glasses-made-me-unattractive/2/index.html]
[allthebestsofts.com/doris_elementor/indexe6f0.html]
[allthebestsofts.com/doris_elementor/how-to-find-hidden-cameras-in-your-airbnb-and-anywhere-else/#elementor-action_action=popup_open&settings=eyJpZCI6IjIzMzYiLCJ0b2dnbGUiOmZhbHNlfQ==.html]
[allthebestsofts.com/doris_elementor/tag/privacy/feed/index.html]
[allthebestsofts.com/doris_elementor/tag/privacy/#elementor-action_action=popup_open&settings=eyJpZCI6IjIzMzYiLCJ0b2dnbGUiOmZhbHNlfQ==]
[allthebestsofts.com/doris_elementor/tag/privacy/index.html]
[allthebestsofts.com/doris_elementor/how-to-find-hidden-cameras-in-your-airbnb-and-anywhere-else/2/#elementor-action_action=popup_open&settings=eyJpZCI6IjIzMzYiLCJ0b2dnbGUiOmZhbHNlfQ==]
[allthebestsofts.com/doris_elementor/how-to-find-hidden-cameras-in-your-airbnb-and-anywhere-else/2/index.html]
[allthebestsofts.com/doris_elementor/home-2/2/#elementor-action_action=popup_open&settings=eyJpZCI6IjIzMzYiLCJ0b2dnbGUiOmZhbHNlfQ==.html]
[allthebestsofts.com/doris_elementor/home-3/2/#elementor-action_action=popup_open&settings=eyJpZCI6IjIzMzYiLCJ0b2dnbGUiOmZhbHNlfQ==.html]
[allthebestsofts.com/doris_elementor/home-4/2/#elementor-action_action=popup_open&settings=eyJpZCI6IjIzMzYiLCJ0b2dnbGUiOmZhbHNlfQ==.html]
[allthebestsofts.com/doris_elementor/indexd4a6.html]
[allthebestsofts.com/doris_elementor/the-two-most-important-tools-to-reconnect-with-your-partner/#elementor-action_action=popup_open&settings=eyJpZCI6IjIzMzYiLCJ0b2dnbGUiOmZhbHNlfQ==.html]
[allthebestsofts.com/doris_elementor/the-two-most-important-tools-to-reconnect-with-your-partner/2/#elementor-action_action=popup_open&settings=eyJpZCI6IjIzMzYiLCJ0b2dnbGUiOmZhbHNlfQ==]
[allthebestsofts.com/doris_elementor/the-two-most-important-tools-to-reconnect-with-your-partner/2/index.html]
[allthebestsofts.com/doris_elementor/tag/relationship/#elementor-action_action=popup_open&settings=eyJpZCI6IjIzMzYiLCJ0b2dnbGUiOmZhbHNlfQ==.html]
[allthebestsofts.com/doris_elementor/tag/travel/#elementor-action_action=popup_open&settings=eyJpZCI6IjIzMzYiLCJ0b2dnbGUiOmZhbHNlfQ==.html]
[allthebestsofts.com/doris_elementor/tag/trend/#elementor-action_action=popup_open&settings=eyJpZCI6IjIzMzYiLCJ0b2dnbGUiOmZhbHNlfQ==.html]
[allthebestsofts.com/doris_elementor/journey-through-the-sahara/2/#elementor-action_action=popup_open&settings=eyJpZCI6IjIzMzYiLCJ0b2dnbGUiOmZhbHNlfQ==.html]
[allthebestsofts.com/doris_elementor/tag/inspire/#elementor-action_action=popup_open&settings=eyJpZCI6IjIzMzYiLCJ0b2dnbGUiOmZhbHNlfQ==.html]
[allthebestsofts.com/doris_elementor/tag/lifestyle/#elementor-action_action=popup_open&settings=eyJpZCI6IjIzMzYiLCJ0b2dnbGUiOmZhbHNlfQ==.html]
[allthebestsofts.com/doris_elementor/i-moved-across-the-country-and-never-looked-back/2/#elementor-action_action=popup_open&settings=eyJpZCI6IjIzMzYiLCJ0b2dnbGUiOmZhbHNlfQ==.html]
[allthebestsofts.com/doris_elementor/author/bkninja/page/2/#elementor-action_action=popup_open&settings=eyJpZCI6IjIzMzYiLCJ0b2dnbGUiOmZhbHNlfQ==.html]
[allthebestsofts.com/doris_elementor/category/inspiration/#elementor-action_action=popup_open&settings=eyJpZCI6IjIzMzYiLCJ0b2dnbGUiOmZhbHNlfQ==.html]
[allthebestsofts.com/doris_elementor/tag/inspiration/#elementor-action_action=popup_open&settings=eyJpZCI6IjIzMzYiLCJ0b2dnbGUiOmZhbHNlfQ==.html]
[allthebestsofts.com/doris_elementor/the-argument-for-short-meditations/2/#elementor-action_action=popup_open&settings=eyJpZCI6IjIzMzYiLCJ0b2dnbGUiOmZhbHNlfQ==.html]
[allthebestsofts.com/doris_elementor/tag/fashion/#elementor-action_action=popup_open&settings=eyJpZCI6IjIzMzYiLCJ0b2dnbGUiOmZhbHNlfQ==.html]
[allthebestsofts.com/doris_elementor/tag/style/#elementor-action_action=popup_open&settings=eyJpZCI6IjIzMzYiLCJ0b2dnbGUiOmZhbHNlfQ==.html]
[allthebestsofts.com/doris_elementor/genderless-kei-japans-hot-new-fashion-trend/2/#elementor-action_action=popup_open&settings=eyJpZCI6IjIzMzYiLCJ0b2dnbGUiOmZhbHNlfQ==.html]
[allthebestsofts.com/doris_elementor/tag/journey/#elementor-action_action=popup_open&settings=eyJpZCI6IjIzMzYiLCJ0b2dnbGUiOmZhbHNlfQ==.html]
[allthebestsofts.com/doris_elementor/no-fixed-abode-quitting-home-ownership/2/#elementor-action_action=popup_open&settings=eyJpZCI6IjIzMzYiLCJ0b2dnbGUiOmZhbHNlfQ==.html]
[allthebestsofts.com/doris_elementor/developing-self-control-through-the-wonders-of-intermittent-fasting/2/#elementor-action_action=popup_open&settings=eyJpZCI6IjIzMzYiLCJ0b2dnbGUiOmZhbHNlfQ==.html]
[allthebestsofts.com/doris_elementor/tag/cloth/#elementor-action_action=popup_open&settings=eyJpZCI6IjIzMzYiLCJ0b2dnbGUiOmZhbHNlfQ==.html]
[allthebestsofts.com/doris_elementor/the-next-big-thing-in-fashion-not-washing-your-clothes/2/#elementor-action_action=popup_open&settings=eyJpZCI6IjIzMzYiLCJ0b2dnbGUiOmZhbHNlfQ==.html]
[allthebestsofts.com/doris_elementor/category/uncategorized/#elementor-action_action=popup_open&settings=eyJpZCI6IjIzMzYiLCJ0b2dnbGUiOmZhbHNlfQ==.html]
[allthebestsofts.com/doris_elementor/tag/habbits/#elementor-action_action=popup_open&settings=eyJpZCI6IjIzMzYiLCJ0b2dnbGUiOmZhbHNlfQ==.html]
[allthebestsofts.com/doris_elementor/korean-beauty-standards-my-mom-and-me/2/#elementor-action_action=popup_open&settings=eyJpZCI6IjIzMzYiLCJ0b2dnbGUiOmZhbHNlfQ==.html]
[allthebestsofts.com/doris_elementor/tag/friendship/#elementor-action_action=popup_open&settings=eyJpZCI6IjIzMzYiLCJ0b2dnbGUiOmZhbHNlfQ==.html]
[allthebestsofts.com/doris_elementor/relationships-arent-easy-but-theyre-worth-it/2/#elementor-action_action=popup_open&settings=eyJpZCI6IjIzMzYiLCJ0b2dnbGUiOmZhbHNlfQ==.html]
[allthebestsofts.com/doris_elementor/i-thought-my-glasses-made-me-unattractive/2/#elementor-action_action=popup_open&settings=eyJpZCI6IjIzMzYiLCJ0b2dnbGUiOmZhbHNlfQ==.html]
[allthebestsofts.com/doris_elementor/tag/privacy/#elementor-action_action=popup_open&settings=eyJpZCI6IjIzMzYiLCJ0b2dnbGUiOmZhbHNlfQ==.html]
[allthebestsofts.com/doris_elementor/how-to-find-hidden-cameras-in-your-airbnb-and-anywhere-else/2/#elementor-action_action=popup_open&settings=eyJpZCI6IjIzMzYiLCJ0b2dnbGUiOmZhbHNlfQ==.html]
[allthebestsofts.com/doris_elementor/the-two-most-important-tools-to-reconnect-with-your-partner/2/#elementor-action_action=popup_open&settings=eyJpZCI6IjIzMzYiLCJ0b2dnbGUiOmZhbHNlfQ==.html]
